'''
>>> matrix_dividedr = __import__('2-matrix_divided').matrix_divided

>>> matrix = [[1, 2, 3], [4, 5, 6]]

>>> matrix_dividedr(matrix, 3)
[[0.33, 0.67, 1.0], [1.33, 1.67, 2.0]]

>>> no_mtrx = [1, 2, 6]

>>> matrix_dividedr(no_mtrx, 3)
Traceback (most recent call last):
    ...
TypeError: matrix must be a matrix (list of lists) of integers/floats

>>> no_mtrx = [[1, 2, 6], ["calii", "farax", [1,2]]]

>>> matrix_dividedr(no_mtrx, 3)
Traceback (most recent call last):
    ...
TypeError: matrix must be a matrix (list of lists) of integers/floats
	
>>> no_mtrx = [[1, 2, 6], [10, 20, 1, 90]]

>>> matrix_dividedr(no_mtrx, 3)
Traceback (most recent call last):
    ...
TypeError: Each row of the matrix must have the same size


>>> matrix = [[1, 2, 3], [4, 5, 6]]

>>> matrix_dividedr(matrix, "not")
Traceback (most recent call last):
    ...
TypeError: div must be a number

>>> matrix = [[1, 2, 3], [4, 5, 6]]

>>> matrix_dividedr(matrix, 0)
Traceback (most recent call last):
    ...
ZeroDivisionError: division by zero

>>> matrix = [[0.0, 0.0, 0.0], [0.0, 0.0, 0.0]]

>>> matrix_dividedr(matrix, 3)
[[0.0, 0.0, 0.0], [0.0, 0.0, 0.0]]

>>> matrix_dividedr()
Traceback (most recent call last):
    ...
TypeError: matrix_divided() missing 2 required positional arguments: 'matrix' and 'div'

>>> matrix_dividedr(matrix)
Traceback (most recent call last):
    ...
TypeError: matrix_divided() missing 1 required positional argument: 'div'

'''
